src/components/AnimatedBackground.jsx(84,33): error TS2353: Object literal may only specify known properties, and ''--bird-scale'' does not exist in type 'Properties<string | number, string & {}>'.
src/constants.js(3,29): error TS1343: The 'import.meta' meta-property is only allowed when the '--module' option is 'es2020', 'es2022', 'esnext', 'system', 'node16', 'node18', 'node20', or 'nodenext'.
src/constants.js(3,41): error TS2339: Property 'env' does not exist on type 'ImportMeta'.
src/data/quizData.js(258,13): error TS1117: An object literal cannot have multiple properties with the same name.
src/pages/Chat.jsx(25,5): error TS1343: The 'import.meta' meta-property is only allowed when the '--module' option is 'es2020', 'es2022', 'esnext', 'system', 'node16', 'node18', 'node20', or 'nodenext'.
src/pages/Chat.jsx(25,17): error TS2339: Property 'env' does not exist on type 'ImportMeta'.
src/pages/Chat.jsx(26,6): error TS1343: The 'import.meta' meta-property is only allowed when the '--module' option is 'es2020', 'es2022', 'esnext', 'system', 'node16', 'node18', 'node20', or 'nodenext'.
src/pages/Chat.jsx(26,18): error TS2339: Property 'env' does not exist on type 'ImportMeta'.
src/pages/Chat.jsx(30,40): error TS2339: Property 'webkitSpeechRecognition' does not exist on type 'Window & typeof globalThis'.
src/pages/CodingPractice.jsx(233,46): error TS2353: Object literal may only specify known properties, and ''--role-color'' does not exist in type 'Properties<string | number, string & {}>'.
src/pages/Interview.jsx(208,21): error TS1343: The 'import.meta' meta-property is only allowed when the '--module' option is 'es2020', 'es2022', 'esnext', 'system', 'node16', 'node18', 'node20', or 'nodenext'.
src/pages/Interview.jsx(208,33): error TS2339: Property 'env' does not exist on type 'ImportMeta'.
src/pages/Interview.jsx(208,54): error TS1343: The 'import.meta' meta-property is only allowed when the '--module' option is 'es2020', 'es2022', 'esnext', 'system', 'node16', 'node18', 'node20', or 'nodenext'.
src/pages/Interview.jsx(208,66): error TS2339: Property 'env' does not exist on type 'ImportMeta'.
src/pages/Interview.jsx(276,17): error TS2322: Type '{ title: string; description: string; icon: Element; }' is not assignable to type 'IntrinsicAttributes & { title: any; subtitle: any; showBack?: boolean; backTo?: string; }'.
  Property 'description' does not exist on type 'IntrinsicAttributes & { title: any; subtitle: any; showBack?: boolean; backTo?: string; }'.
src/pages/InterviewAdvance.jsx(62,22): error TS2339: Property 'onerror' does not exist on type 'EventTarget'.
src/pages/InterviewAdvance.jsx(63,22): error TS2339: Property 'src' does not exist on type 'EventTarget'.
src/pages/InterviewAdvance.jsx(406,8): error TS2304: Cannot find name 'PageHeader'.
src/pages/InterviewAdvance.jsx(409,16): error TS2304: Cannot find name 'Briefcase'.
src/pages/InterviewAdvance.jsx(545,20): error TS2741: Property 'onClick' is missing in type '{ children: Element; className: string; disabled: true; }' but required in type '{ onClick: any; className: any; children: any; disabled?: boolean; }'.
src/pages/JobTracker.jsx(269,34): error TS2741: Property 'onClick' is missing in type '{ children: string[]; type: string; variant: string; }' but required in type '{ [x: string]: any; children: any; variant?: string; size?: string; onClick: any; disabled?: boolean; className?: string; }'.
src/pages/Landing.jsx(110,80): error TS2353: Object literal may only specify known properties, and ''--feature-color'' does not exist in type 'Properties<string | number, string & {}>'.
src/pages/Report.jsx(287,9): error TS2322: Type '{ title: string; description: string; icon: Element; }' is not assignable to type 'IntrinsicAttributes & { title: any; subtitle: any; showBack?: boolean; backTo?: string; }'.
  Property 'description' does not exist on type 'IntrinsicAttributes & { title: any; subtitle: any; showBack?: boolean; backTo?: string; }'.
src/pages/Report.jsx(288,16): error TS2304: Cannot find name 'Briefcase'.
src/pages/ResumeAnalyzer.jsx(152,34): error TS2741: Property 'onClick' is missing in type '{ children: (string | Element)[]; variant: string; size: string; }' but required in type '{ [x: string]: any; children: any; variant?: string; size?: string; onClick: any; disabled?: boolean; className?: string; }'.
src/pages/Roadmap.jsx(193,46): error TS2353: Object literal may only specify known properties, and ''--roadmap-color'' does not exist in type 'Properties<string | number, string & {}>'.
src/pages/StudyPlan.jsx(115,30): error TS2741: Property 'onClick' is missing in type '{ children: (string | Element)[]; variant: string; size: string; }' but required in type '{ [x: string]: any; children: any; variant?: string; size?: string; onClick: any; disabled?: boolean; className?: string; }'.
src/utils/interviewManager.js(99,44): error TS1343: The 'import.meta' meta-property is only allowed when the '--module' option is 'es2020', 'es2022', 'esnext', 'system', 'node16', 'node18', 'node20', or 'nodenext'.
src/utils/interviewManager.js(99,75): error TS1343: The 'import.meta' meta-property is only allowed when the '--module' option is 'es2020', 'es2022', 'esnext', 'system', 'node16', 'node18', 'node20', or 'nodenext'.
src/utils/interviewManager.js(99,87): error TS2339: Property 'env' does not exist on type 'ImportMeta'.
src/utils/youtubeService.js(6,25): error TS1343: The 'import.meta' meta-property is only allowed when the '--module' option is 'es2020', 'es2022', 'esnext', 'system', 'node16', 'node18', 'node20', or 'nodenext'.
src/utils/youtubeService.js(6,37): error TS2339: Property 'env' does not exist on type 'ImportMeta'.
src/utils/youtubeService.js(25,50): error TS2345: Argument of type '{ part: string; q: string; type: string; maxResults: number; order: string; key: any; videoEmbeddable: string; safeSearch: string; }' is not assignable to parameter of type 'string | Record<string, string> | URLSearchParams | string[][]'.
  Types of property 'maxResults' are incompatible.
    Type 'number' is not assignable to type 'string'.
src/utils/youtubeService.js(99,26): error TS2345: Argument of type 'string | number' is not assignable to parameter of type 'string'.
  Type 'number' is not assignable to type 'string'.
src/utils/youtubeService.js(120,22): error TS2362: The left-hand side of an arithmetic operation must be of type 'any', 'number', 'bigint' or an enum type.
src/utils/youtubeService.js(120,28): error TS2363: The right-hand side of an arithmetic operation must be of type 'any', 'number', 'bigint' or an enum type.
